// Jest Snapshot v1, https://goo.gl/fbAQLP

exports[`AdminLayerList should render a empty admin layer list 1`] = `
"<div id="gisLayers">
  <div class="flex">
    <h2 class="w-1/4">gislayer</h2>
    <div class="w-3/4 text-right">
      <dp-split-button-stub></dp-split-button-stub>
    </div>
  </div>
  <div class="relative">
    <div class="mt-4 flex">
      <h3 class="flex-1 w-1/3">map.overlays</h3>
      <div class="flex-1 w-2/3 text-right"><button class="btn--blank o-link--default">map.set.order.tree</button><button class="btn--blank o-link--default ml-4">map.set.order.map</button></div>
    </div><!-- List-Head -->
    <div class="color--grey mb-1 mt-2 mr-2">
      <div class="c-at-item__row-icon pl-0">
        <!-- DragHandler -->
      </div>
      <div class="flex pl-2">
        <div class="flex-1">description</div>
        <div class="w-1/12 text-right"><i class="fa fa-link mr-2"></i></div>
        <div class="w-1/12 text-right"><i class="fa fa-eye mr-2"></i></div>
        <div class="w-1/12 text-right">edit</div>
      </div>
    </div>
    <!--v-if-->
    <dp-loading-stub hidelabel="false" overlay="false" class="list__item py-2 border--top"></dp-loading-stub>
    <!--v-if-->
    <h3 class="mt-4">map.bases</h3><!-- List-Head -->
    <div class="color--grey mb-1 mt-2 mr-2">
      <div class="c-at-item__row-icon pl-0">
        <!-- DragHandler -->
      </div>
      <div class="flex">
        <div class="flex-1 pl-2">description</div>
        <div class="w-1/12 text-right"><i class="fa fa-eye mr-2"></i></div>
        <div class="w-1/12 text-right">edit</div>
      </div>
    </div>
    <!--v-if-->
    <div class="my-4">
      <h3>map.base.minimap</h3>
      <div>
        <p class="font-size-small">map.base.minimap.hint</p><select class="o-form__control-select w-1/2" data-cy="adminLayerList:currentMinimapLayer">
          <option value="[object Object]">selection.no</option>
        </select>
      </div>
    </div>
    <!--v-if-->
  </div>
</div>"
`;
