// Jest Snapshot v1, https://goo.gl/fbAQLP

exports[`SearchModal renders the correct markup for activated field_statement_municipality 1`] = `
"<div class="flex">
  <!-- Search Field --><label class="relative u-m-0"><button class="btn-icns fa fa-search c-at__controls-input-button" data-cy="searchAssessmentWordButton"></button>
    <dp-input-stub id="searchterm" autocomplete="" datacounter="" datacy="searchAssessmentWordField" datadpvalidateerror="" datadpvalidateerrorfieldname="" datadpvalidateif="" datadpvalidateshouldequal="" hasicon="true" label="[object Object]" name="search_word2" pattern="" placeholder="searchterm" preventdefaultonenter="true" rounded="full" type="text" width="w-12" modelvalue="" aria-label="search.assessment.table" value=""></dp-input-stub>
  </label><!-- Advanced Search button to open modal --><button type="button" data-cy="searchAdvanced" class="btn--blank o-link--default inline-block u-m-0 u-p-0 u-ml-0_5">search.advanced</button><!-- Modal content -->
  <dp-modal-stub arialabel="" contentbodyclasses="" contentclasses="u-4-of-8-wide u-2-of-3-desk-down" contentheaderclasses="" modalid=""></dp-modal-stub>
</div>"
`;

exports[`SearchModal renders the correct markup with deactivated feature_statements_tag and feature_statement_fragments_tag 1`] = `
"<div class="flex">
  <!-- Search Field --><label class="relative u-m-0"><button class="btn-icns fa fa-search c-at__controls-input-button" data-cy="searchAssessmentWordButton"></button>
    <dp-input-stub id="searchterm" autocomplete="" datacounter="" datacy="searchAssessmentWordField" datadpvalidateerror="" datadpvalidateerrorfieldname="" datadpvalidateif="" datadpvalidateshouldequal="" hasicon="true" label="[object Object]" name="search_word2" pattern="" placeholder="searchterm" preventdefaultonenter="true" rounded="full" type="text" width="w-12" modelvalue="" aria-label="search.assessment.table" value=""></dp-input-stub>
  </label><!-- Advanced Search button to open modal --><button type="button" data-cy="searchAdvanced" class="btn--blank o-link--default inline-block u-m-0 u-p-0 u-ml-0_5">search.advanced</button><!-- Modal content -->
  <dp-modal-stub arialabel="" contentbodyclasses="" contentclasses="u-4-of-8-wide u-2-of-3-desk-down" contentheaderclasses="" modalid=""></dp-modal-stub>
</div>"
`;
